{"Session":{"Id":"01ARZ3NDEKTSV4RRFFQ69G5FAV","Tenant":"default","AgentId":"01ARZ3NDEKTSV4RRFFQ69G5FAW","Title":"wire golden","State":0,"CurrentTurnId":null,"CreatedAt":"2026-09-20T12:00:00+00:00","UpdatedAt":"2026-09-20T12:00:00+00:00","ClosedAt":null,"WorkspaceBinding":null,"Options":{"Title":null,"AutoClose":false,"Outcome":0,"Permissions":null,"AskUser":null,"CompletionSink":null,"MaxIterations":0,"Timeout":null,"Metadata":null,"HostInstructionFiles":null,"OnCrashResume":0},"PermissionGrants":[]}}