{"Entry":{"SessionId":"01ARZ3NDEKTSV4RRFFQ69G5FAV","Position":7,"Payload":{"$type":"userMessage","Message":{"Parts":[{"$type":"text","Text":"wire golden","Annotations":null,"AdditionalProperties":null}],"Metadata":null}},"Delivery":0,"Consumed":false,"AppendedAt":"2026-09-20T12:00:00+00:00"},"Result":{"AssistantText":"done","Status":3,"Iterations":1,"Usage":{"InputTokens":10,"OutputTokens":5},"Outcome":{"$type":"turnFinished","Summary":"done","IsImplicit":false}},"HasPendingInjects":false,"Suspension":null,"Attempt":1,"Allowed":["probe-tool"]}